../Core/Src/main.c:104:14:clampf	24	static
../Core/Src/main.c:110:13:motor_set	32	static
../Core/Src/main.c:128:16:encoder_read_delta	16	static
../Core/Src/main.c:147:5:main	8	static
../Core/Src/main.c:205:6:SystemClock_Config	96	static
../Core/Src/main.c:266:13:MX_TIM1_Init	96	static
../Core/Src/main.c:336:13:MX_TIM2_Init	56	static
../Core/Src/main.c:385:13:MX_TIM6_Init	24	static
../Core/Src/main.c:423:13:MX_USART2_UART_Init	8	static
../Core/Src/main.c:458:13:MX_GPIO_Init	40	static
../Core/Src/main.c:486:6:HAL_TIM_PeriodElapsedCallback	184	static
../Core/Src/main.c:644:6:Error_Handler	4	static,ignoring_inline_asm
