../Core/Src/main.c:107:14:clampf	24	static
../Core/Src/main.c:115:13:motor_set	32	static
../Core/Src/main.c:133:16:encoder_read_delta	16	static
../Core/Src/main.c:151:5:main	8	static
../Core/Src/main.c:210:6:SystemClock_Config	96	static
../Core/Src/main.c:271:13:MX_TIM1_Init	96	static
../Core/Src/main.c:341:13:MX_TIM2_Init	56	static
../Core/Src/main.c:390:13:MX_TIM6_Init	24	static
../Core/Src/main.c:428:13:MX_USART2_UART_Init	8	static
../Core/Src/main.c:463:13:MX_GPIO_Init	40	static
../Core/Src/main.c:491:6:HAL_TIM_PeriodElapsedCallback	88	static
../Core/Src/main.c:515:6:Error_Handler	4	static,ignoring_inline_asm
